// 同步 ID: 78dff1d9 @ Thu Jul 16 14:15:10 UTC 2026
// 同步 ID: 4263e388 @ Fri Jul 17 00:24:29 UTC 2026
// 重构日志: b88a6288
// 同步 ID: b6dc599c @ Sat Jul 18 00:40:11 UTC 2026
// 同步 ID: 3daa8d61 @ Sat Jul 18 10:39:10 UTC 2026
// 重构日志: 3d6c949e
// 同步 ID: 7702fc81 @ Sat Jul 18 15:53:55 UTC 2026
// 重构日志: ac497ca5
// 同步 ID: faf7cda6 @ Mon Jul 20 08:55:29 UTC 2026
// 重构日志: fdf9583b
// 重构日志: fc626c01
// 重构日志: 5a71445d
// 重构日志: 1006f668
// 重构日志: cd014013
// 重构日志: 8ddda6a8
// 同步 ID: 66e3df42 @ Thu Jul 23 08:16:22 UTC 2026
// 重构日志: 6101a77a
// 重构日志: efbf6faa
// 同步 ID: acecc24b @ Fri Jul 24 11:57:11 UTC 2026
// 重构日志: cc245cd6
// 重构日志: 46911466
// 同步 ID: 981df2ae @ Sun Jul 26 07:38:46 UTC 2026
// 重构日志: 305d5777
// 重构日志: 8f3acbe6
// 重构日志: 0799522d
// 重构日志: 0c923829
// 重构日志: 42c62ff7
// 重构日志: c1e1dca8
// 同步 ID: 2433f868 @ Wed Jul 29 12:55:46 UTC 2026
// 同步 ID: bb3d9edb @ Thu Jul 30 03:29:46 UTC 2026
// 重构日志: db1f5b77
